FAIL: [Errno 2] No such file or directory: 'wrangler'
Traceback (most recent call last):
  File "/home/ubuntu/we1co.me/rvm_sync.py", line 93, in <module>
    deploy()
  File "/home/ubuntu/we1co.me/rvm_sync.py", line 78, in deploy
    r = subprocess.run(
        ^^^^^^^^^^^^^^^
  File "/home/ubuntu/.local/share/uv/python/cpython-3.11.15-linux-aarch64-gnu/lib/python3.11/subprocess.py", line 548, in run
    with Popen(*popenargs, **kwargs) as process:
         ^^^^^^^^^^^^^^^^^^^^^^^^^^^
  File "/home/ubuntu/.local/share/uv/python/cpython-3.11.15-linux-aarch64-gnu/lib/python3.11/subprocess.py", line 1026, in __init__
    self._execute_child(args, executable, preexec_fn, close_fds,
  File "/home/ubuntu/.local/share/uv/python/cpython-3.11.15-linux-aarch64-gnu/lib/python3.11/subprocess.py", line 1955, in _execute_child
    raise child_exception_type(errno_num, err_msg, err_filename)
FileNotFoundError: [Errno 2] No such file or directory: 'wrangler'
rvm_status.json: 8 machines, synced 2026-08-30 15:20
FAIL: [Errno 2] No such file or directory: 'wrangler'
Traceback (most recent call last):
  File "/home/ubuntu/we1co.me/rvm_sync.py", line 93, in <module>
    deploy()
  File "/home/ubuntu/we1co.me/rvm_sync.py", line 78, in deploy
    r = subprocess.run(
        ^^^^^^^^^^^^^^^
  File "/home/ubuntu/.local/share/uv/python/cpython-3.11.15-linux-aarch64-gnu/lib/python3.11/subprocess.py", line 548, in run
    with Popen(*popenargs, **kwargs) as process:
         ^^^^^^^^^^^^^^^^^^^^^^^^^^^
  File "/home/ubuntu/.local/share/uv/python/cpython-3.11.15-linux-aarch64-gnu/lib/python3.11/subprocess.py", line 1026, in __init__
    self._execute_child(args, executable, preexec_fn, close_fds,
  File "/home/ubuntu/.local/share/uv/python/cpython-3.11.15-linux-aarch64-gnu/lib/python3.11/subprocess.py", line 1955, in _execute_child
    raise child_exception_type(errno_num, err_msg, err_filename)
FileNotFoundError: [Errno 2] No such file or directory: 'wrangler'
rvm_status.json: 8 machines, synced 2026-08-30 18:20
FAIL: [Errno 2] No such file or directory: 'wrangler'
Traceback (most recent call last):
  File "/home/ubuntu/we1co.me/rvm_sync.py", line 93, in <module>
    deploy()
  File "/home/ubuntu/we1co.me/rvm_sync.py", line 78, in deploy
    r = subprocess.run(
        ^^^^^^^^^^^^^^^
  File "/home/ubuntu/.local/share/uv/python/cpython-3.11.15-linux-aarch64-gnu/lib/python3.11/subprocess.py", line 548, in run
    with Popen(*popenargs, **kwargs) as process:
         ^^^^^^^^^^^^^^^^^^^^^^^^^^^
  File "/home/ubuntu/.local/share/uv/python/cpython-3.11.15-linux-aarch64-gnu/lib/python3.11/subprocess.py", line 1026, in __init__
    self._execute_child(args, executable, preexec_fn, close_fds,
  File "/home/ubuntu/.local/share/uv/python/cpython-3.11.15-linux-aarch64-gnu/lib/python3.11/subprocess.py", line 1955, in _execute_child
    raise child_exception_type(errno_num, err_msg, err_filename)
FileNotFoundError: [Errno 2] No such file or directory: 'wrangler'
rvm_status.json: 8 machines, synced 2026-08-30 21:20
rvm_status.json: 8 machines, synced 2026-08-31 06:20

 ⛅️ wrangler 4.127.1
────────────────────


PASS
