Fetched via CF proxy: https://www.lcsd.gov.hk/file_upload_clpss/leisure_facilities/lsb/jogging/1060_202608.xlsx
sport_ground_status.json: partial, 32 main slots, 32 sec slots, 7 notices, synced 2026-08-30 15:25
PASS
Fetched via CF proxy: https://www.lcsd.gov.hk/file_upload_clpss/leisure_facilities/lsb/jogging/1060_202608.xlsx
sport_ground_status.json: partial, 32 main slots, 32 sec slots, 7 notices, synced 2026-08-30 18:25
PASS
Fetched via CF proxy: https://www.lcsd.gov.hk/file_upload_clpss/leisure_facilities/lsb/jogging/1060_202608.xlsx
sport_ground_status.json: partial, 32 main slots, 32 sec slots, 7 notices, synced 2026-08-30 21:25
PASS
Fetched via CF proxy: https://www.lcsd.gov.hk/file_upload_clpss/leisure_facilities/lsb/jogging/1060_202608.xlsx
sport_ground_status.json: partial, 32 main slots, 32 sec slots, 7 notices, synced 2026-08-31 06:25
PASS
Fetched via CF proxy: https://www.lcsd.gov.hk/file_upload_clpss/leisure_facilities/lsb/jogging/1060_202608.xlsx
Fetched via CF proxy: https://www.lcsd.gov.hk/file_upload_clpss/leisure_facilities/lsb/jogging/1060_202609.xlsx
sport_ground_status.json: partial, 32 main slots, 32 sec slots, 7 notices, synced 2026-08-31 09:25
PASS
Fetched via CF proxy: https://www.lcsd.gov.hk/file_upload_clpss/leisure_facilities/lsb/jogging/1060_202608.xlsx
Fetched via CF proxy: https://www.lcsd.gov.hk/file_upload_clpss/leisure_facilities/lsb/jogging/1060_202609.xlsx
sport_ground_status.json: partial, 32 main slots, 32 sec slots, 7 notices, synced 2026-08-31 12:25
PASS
Fetched via CF proxy: https://www.lcsd.gov.hk/file_upload_clpss/leisure_facilities/lsb/jogging/1060_202608.xlsx
Fetched via CF proxy: https://www.lcsd.gov.hk/file_upload_clpss/leisure_facilities/lsb/jogging/1060_202609.xlsx
sport_ground_status.json: partial, 32 main slots, 32 sec slots, 7 notices, synced 2026-08-31 15:25
PASS
Fetched via CF proxy: https://www.lcsd.gov.hk/file_upload_clpss/leisure_facilities/lsb/jogging/1060_202608.xlsx
Fetched via CF proxy: https://www.lcsd.gov.hk/file_upload_clpss/leisure_facilities/lsb/jogging/1060_202609.xlsx
sport_ground_status.json: partial, 32 main slots, 32 sec slots, 7 notices, synced 2026-08-31 18:25
PASS
Fetched via CF proxy: https://www.lcsd.gov.hk/file_upload_clpss/leisure_facilities/lsb/jogging/1060_202608.xlsx
Fetched via CF proxy: https://www.lcsd.gov.hk/file_upload_clpss/leisure_facilities/lsb/jogging/1060_202609.xlsx
sport_ground_status.json: partial, 32 main slots, 32 sec slots, 7 notices, synced 2026-08-31 19:16
PASS
Fetched via CF proxy: https://www.lcsd.gov.hk/file_upload_clpss/leisure_facilities/lsb/jogging/1060_202608.xlsx
Fetched via CF proxy: https://www.lcsd.gov.hk/file_upload_clpss/leisure_facilities/lsb/jogging/1060_202609.xlsx
sport_ground_status.json: partial, 32 main slots, 32 sec slots, 7 notices, synced 2026-08-31 21:16
PASS
Fetched via CF proxy: https://www.lcsd.gov.hk/file_upload_clpss/leisure_facilities/lsb/jogging/1060_202609.xlsx
  skip CF https://www.lcsd.gov.hk/file_upload_clpss/leisure_facilities/lsb/jogging/1060_202610.xlsx: HTTP Error 404: Not Found
Fetched via CF proxy: https://www.lcsd.gov.hk/file_upload_clpss/leisure_facilities/lsb/jogging/1060_202608.xlsx
sport_ground_status.json: partial, 32 main slots, 32 sec slots, 19 notices, synced 2026-09-01 06:16
PASS
Fetched via CF proxy: https://www.lcsd.gov.hk/file_upload_clpss/leisure_facilities/lsb/jogging/1060_202609.xlsx
sport_ground_status.json: partial, 32 main slots, 32 sec slots, 19 notices, synced 2026-09-01 09:16
PASS
Fetched via CF proxy: https://www.lcsd.gov.hk/file_upload_clpss/leisure_facilities/lsb/jogging/1060_202609.xlsx
sport_ground_status.json: partial, 32 main slots, 32 sec slots, 19 notices, synced 2026-09-01 12:16
PASS
Fetched via CF proxy: https://www.lcsd.gov.hk/file_upload_clpss/leisure_facilities/lsb/jogging/1060_202609.xlsx
sport_ground_status.json: partial, 32 main slots, 32 sec slots, 19 notices, synced 2026-09-01 12:46
PASS
Fetched via CF proxy: https://www.lcsd.gov.hk/file_upload_clpss/leisure_facilities/lsb/jogging/1060_202609.xlsx
sport_ground_status.json: partial, 32 main slots, 32 sec slots, 19 notices, synced 2026-09-01 15:16
PASS
Fetched via CF proxy: https://www.lcsd.gov.hk/file_upload_clpss/leisure_facilities/lsb/jogging/1060_202609.xlsx
sport_ground_status.json: partial, 32 main slots, 32 sec slots, 19 notices, synced 2026-09-01 18:16
PASS
Fetched via CF proxy: https://www.lcsd.gov.hk/file_upload_clpss/leisure_facilities/lsb/jogging/1060_202609.xlsx
sport_ground_status.json: partial, 32 main slots, 32 sec slots, 19 notices, synced 2026-09-01 19:16
PASS
Fetched via CF proxy: https://www.lcsd.gov.hk/file_upload_clpss/leisure_facilities/lsb/jogging/1060_202609.xlsx
sport_ground_status.json: partial, 32 main slots, 32 sec slots, 19 notices, synced 2026-09-01 21:16
PASS
Fetched via CF proxy: https://www.lcsd.gov.hk/file_upload_clpss/leisure_facilities/lsb/jogging/1060_202609.xlsx
sport_ground_status.json: partial, 32 main slots, 32 sec slots, 19 notices, synced 2026-09-02 06:16
PASS
Fetched via CF proxy: https://www.lcsd.gov.hk/file_upload_clpss/leisure_facilities/lsb/jogging/1060_202609.xlsx
sport_ground_status.json: partial, 32 main slots, 32 sec slots, 19 notices, synced 2026-09-02 09:16
PASS
Fetched via CF proxy: https://www.lcsd.gov.hk/file_upload_clpss/leisure_facilities/lsb/jogging/1060_202609.xlsx
sport_ground_status.json: partial, 32 main slots, 32 sec slots, 19 notices, synced 2026-09-02 12:16
PASS
Fetched via CF proxy: https://www.lcsd.gov.hk/file_upload_clpss/leisure_facilities/lsb/jogging/1060_202609.xlsx
sport_ground_status.json: partial, 32 main slots, 32 sec slots, 19 notices, synced 2026-09-02 12:46
PASS
Fetched via CF proxy: https://www.lcsd.gov.hk/file_upload_clpss/leisure_facilities/lsb/jogging/1060_202609.xlsx
sport_ground_status.json: partial, 32 main slots, 32 sec slots, 19 notices, synced 2026-09-02 15:16
PASS
Fetched via CF proxy: https://www.lcsd.gov.hk/file_upload_clpss/leisure_facilities/lsb/jogging/1060_202609.xlsx
sport_ground_status.json: partial, 32 main slots, 32 sec slots, 19 notices, synced 2026-09-02 18:16
PASS
Fetched via CF proxy: https://www.lcsd.gov.hk/file_upload_clpss/leisure_facilities/lsb/jogging/1060_202609.xlsx
sport_ground_status.json: partial, 32 main slots, 32 sec slots, 19 notices, synced 2026-09-02 19:16
PASS
Fetched via CF proxy: https://www.lcsd.gov.hk/file_upload_clpss/leisure_facilities/lsb/jogging/1060_202609.xlsx
sport_ground_status.json: partial, 32 main slots, 32 sec slots, 19 notices, synced 2026-09-02 21:16
PASS
Fetched via CF proxy: https://www.lcsd.gov.hk/file_upload_clpss/leisure_facilities/lsb/jogging/1060_202609.xlsx
sport_ground_status.json: partial, 32 main slots, 32 sec slots, 19 notices, synced 2026-09-03 06:16
PASS
Fetched via CF proxy: https://www.lcsd.gov.hk/file_upload_clpss/leisure_facilities/lsb/jogging/1060_202609.xlsx
sport_ground_status.json: partial, 32 main slots, 32 sec slots, 19 notices, synced 2026-09-03 09:16
PASS
Fetched via CF proxy: https://www.lcsd.gov.hk/file_upload_clpss/leisure_facilities/lsb/jogging/1060_202609.xlsx
sport_ground_status.json: partial, 32 main slots, 32 sec slots, 19 notices, synced 2026-09-03 12:16
PASS
Fetched via CF proxy: https://www.lcsd.gov.hk/file_upload_clpss/leisure_facilities/lsb/jogging/1060_202609.xlsx
sport_ground_status.json: partial, 32 main slots, 32 sec slots, 19 notices, synced 2026-09-03 12:46
PASS
Fetched via CF proxy: https://www.lcsd.gov.hk/file_upload_clpss/leisure_facilities/lsb/jogging/1060_202609.xlsx
sport_ground_status.json: partial, 32 main slots, 32 sec slots, 19 notices, synced 2026-09-03 15:16
PASS
Fetched via CF proxy: https://www.lcsd.gov.hk/file_upload_clpss/leisure_facilities/lsb/jogging/1060_202609.xlsx
sport_ground_status.json: partial, 32 main slots, 32 sec slots, 19 notices, synced 2026-09-03 18:16
PASS
Fetched via CF proxy: https://www.lcsd.gov.hk/file_upload_clpss/leisure_facilities/lsb/jogging/1060_202609.xlsx
sport_ground_status.json: partial, 32 main slots, 32 sec slots, 19 notices, synced 2026-09-03 19:16
PASS
Fetched via CF proxy: https://www.lcsd.gov.hk/file_upload_clpss/leisure_facilities/lsb/jogging/1060_202609.xlsx
sport_ground_status.json: partial, 32 main slots, 32 sec slots, 19 notices, synced 2026-09-03 21:16
PASS
Fetched via CF proxy: https://www.lcsd.gov.hk/file_upload_clpss/leisure_facilities/lsb/jogging/1060_202609.xlsx
sport_ground_status.json: partial, 32 main slots, 32 sec slots, 19 notices, synced 2026-09-04 06:16
PASS
Fetched via CF proxy: https://www.lcsd.gov.hk/file_upload_clpss/leisure_facilities/lsb/jogging/1060_202609.xlsx
sport_ground_status.json: partial, 32 main slots, 32 sec slots, 19 notices, synced 2026-09-04 09:16
PASS
Fetched via CF proxy: https://www.lcsd.gov.hk/file_upload_clpss/leisure_facilities/lsb/jogging/1060_202609.xlsx
sport_ground_status.json: partial, 32 main slots, 32 sec slots, 19 notices, synced 2026-09-04 12:16
PASS
Fetched via CF proxy: https://www.lcsd.gov.hk/file_upload_clpss/leisure_facilities/lsb/jogging/1060_202609.xlsx
sport_ground_status.json: partial, 32 main slots, 32 sec slots, 19 notices, synced 2026-09-04 12:46
PASS
Fetched via CF proxy: https://www.lcsd.gov.hk/file_upload_clpss/leisure_facilities/lsb/jogging/1060_202609.xlsx
sport_ground_status.json: partial, 32 main slots, 32 sec slots, 19 notices, synced 2026-09-04 15:16
PASS
Fetched via CF proxy: https://www.lcsd.gov.hk/file_upload_clpss/leisure_facilities/lsb/jogging/1060_202609.xlsx
sport_ground_status.json: partial, 32 main slots, 32 sec slots, 19 notices, synced 2026-09-04 18:16
PASS
Fetched via CF proxy: https://www.lcsd.gov.hk/file_upload_clpss/leisure_facilities/lsb/jogging/1060_202609.xlsx
sport_ground_status.json: partial, 32 main slots, 32 sec slots, 19 notices, synced 2026-09-04 19:16
PASS
Fetched via CF proxy: https://www.lcsd.gov.hk/file_upload_clpss/leisure_facilities/lsb/jogging/1060_202609.xlsx
sport_ground_status.json: partial, 32 main slots, 32 sec slots, 19 notices, synced 2026-09-04 21:16
PASS
Fetched via CF proxy: https://www.lcsd.gov.hk/file_upload_clpss/leisure_facilities/lsb/jogging/1060_202609.xlsx
sport_ground_status.json: partial, 32 main slots, 32 sec slots, 19 notices, synced 2026-09-05 06:16
PASS
Fetched via CF proxy: https://www.lcsd.gov.hk/file_upload_clpss/leisure_facilities/lsb/jogging/1060_202609.xlsx
sport_ground_status.json: partial, 32 main slots, 32 sec slots, 19 notices, synced 2026-09-05 09:16
PASS
Fetched via CF proxy: https://www.lcsd.gov.hk/file_upload_clpss/leisure_facilities/lsb/jogging/1060_202609.xlsx
sport_ground_status.json: partial, 32 main slots, 32 sec slots, 19 notices, synced 2026-09-05 12:16
PASS
Fetched via CF proxy: https://www.lcsd.gov.hk/file_upload_clpss/leisure_facilities/lsb/jogging/1060_202609.xlsx
sport_ground_status.json: partial, 32 main slots, 32 sec slots, 19 notices, synced 2026-09-05 12:46
PASS
Fetched via CF proxy: https://www.lcsd.gov.hk/file_upload_clpss/leisure_facilities/lsb/jogging/1060_202609.xlsx
sport_ground_status.json: partial, 32 main slots, 32 sec slots, 19 notices, synced 2026-09-05 15:16
PASS
Fetched via CF proxy: https://www.lcsd.gov.hk/file_upload_clpss/leisure_facilities/lsb/jogging/1060_202609.xlsx
sport_ground_status.json: partial, 32 main slots, 32 sec slots, 19 notices, synced 2026-09-05 18:16
PASS
Fetched via CF proxy: https://www.lcsd.gov.hk/file_upload_clpss/leisure_facilities/lsb/jogging/1060_202609.xlsx
sport_ground_status.json: partial, 32 main slots, 32 sec slots, 19 notices, synced 2026-09-05 19:16
PASS
Fetched via CF proxy: https://www.lcsd.gov.hk/file_upload_clpss/leisure_facilities/lsb/jogging/1060_202609.xlsx
sport_ground_status.json: partial, 32 main slots, 32 sec slots, 19 notices, synced 2026-09-05 21:16
PASS
Fetched via CF proxy: https://www.lcsd.gov.hk/file_upload_clpss/leisure_facilities/lsb/jogging/1060_202609.xlsx
sport_ground_status.json: partial, 32 main slots, 32 sec slots, 19 notices, synced 2026-09-06 06:16
PASS
Fetched via CF proxy: https://www.lcsd.gov.hk/file_upload_clpss/leisure_facilities/lsb/jogging/1060_202609.xlsx
sport_ground_status.json: partial, 32 main slots, 32 sec slots, 19 notices, synced 2026-09-06 09:16
PASS
Fetched via CF proxy: https://www.lcsd.gov.hk/file_upload_clpss/leisure_facilities/lsb/jogging/1060_202609.xlsx
sport_ground_status.json: partial, 32 main slots, 32 sec slots, 19 notices, synced 2026-09-06 12:16
PASS
Fetched via CF proxy: https://www.lcsd.gov.hk/file_upload_clpss/leisure_facilities/lsb/jogging/1060_202609.xlsx
sport_ground_status.json: partial, 32 main slots, 32 sec slots, 19 notices, synced 2026-09-06 12:46
PASS
Fetched via CF proxy: https://www.lcsd.gov.hk/file_upload_clpss/leisure_facilities/lsb/jogging/1060_202609.xlsx
sport_ground_status.json: partial, 32 main slots, 32 sec slots, 19 notices, synced 2026-09-06 15:16
PASS
Fetched via CF proxy: https://www.lcsd.gov.hk/file_upload_clpss/leisure_facilities/lsb/jogging/1060_202609.xlsx
sport_ground_status.json: partial, 32 main slots, 32 sec slots, 19 notices, synced 2026-09-06 18:16
PASS
Fetched via CF proxy: https://www.lcsd.gov.hk/file_upload_clpss/leisure_facilities/lsb/jogging/1060_202609.xlsx
sport_ground_status.json: partial, 32 main slots, 32 sec slots, 19 notices, synced 2026-09-06 19:16
PASS
Fetched via CF proxy: https://www.lcsd.gov.hk/file_upload_clpss/leisure_facilities/lsb/jogging/1060_202609.xlsx
sport_ground_status.json: partial, 32 main slots, 32 sec slots, 19 notices, synced 2026-09-06 21:16
PASS
Fetched via CF proxy: https://www.lcsd.gov.hk/file_upload_clpss/leisure_facilities/lsb/jogging/1060_202609.xlsx
sport_ground_status.json: partial, 32 main slots, 32 sec slots, 19 notices, synced 2026-09-07 06:16
PASS
Fetched via CF proxy: https://www.lcsd.gov.hk/file_upload_clpss/leisure_facilities/lsb/jogging/1060_202609.xlsx
sport_ground_status.json: partial, 32 main slots, 32 sec slots, 19 notices, synced 2026-09-07 09:16
PASS
Fetched via CF proxy: https://www.lcsd.gov.hk/file_upload_clpss/leisure_facilities/lsb/jogging/1060_202609.xlsx
sport_ground_status.json: partial, 32 main slots, 32 sec slots, 19 notices, synced 2026-09-07 12:16
PASS
Fetched via CF proxy: https://www.lcsd.gov.hk/file_upload_clpss/leisure_facilities/lsb/jogging/1060_202609.xlsx
sport_ground_status.json: partial, 32 main slots, 32 sec slots, 19 notices, synced 2026-09-07 12:46
PASS
Fetched via CF proxy: https://www.lcsd.gov.hk/file_upload_clpss/leisure_facilities/lsb/jogging/1060_202609.xlsx
sport_ground_status.json: partial, 32 main slots, 32 sec slots, 19 notices, synced 2026-09-07 15:16
PASS
Fetched via CF proxy: https://www.lcsd.gov.hk/file_upload_clpss/leisure_facilities/lsb/jogging/1060_202609.xlsx
sport_ground_status.json: partial, 32 main slots, 32 sec slots, 19 notices, synced 2026-09-07 18:16
PASS
Fetched via CF proxy: https://www.lcsd.gov.hk/file_upload_clpss/leisure_facilities/lsb/jogging/1060_202609.xlsx
sport_ground_status.json: partial, 32 main slots, 32 sec slots, 19 notices, synced 2026-09-07 19:16
PASS
Fetched via CF proxy: https://www.lcsd.gov.hk/file_upload_clpss/leisure_facilities/lsb/jogging/1060_202609.xlsx
sport_ground_status.json: partial, 32 main slots, 32 sec slots, 19 notices, synced 2026-09-07 21:16
PASS
Fetched via CF proxy: https://www.lcsd.gov.hk/file_upload_clpss/leisure_facilities/lsb/jogging/1060_202609.xlsx
sport_ground_status.json: partial, 32 main slots, 32 sec slots, 19 notices, synced 2026-09-08 06:16
PASS
Fetched via CF proxy: https://www.lcsd.gov.hk/file_upload_clpss/leisure_facilities/lsb/jogging/1060_202609.xlsx
sport_ground_status.json: partial, 32 main slots, 32 sec slots, 19 notices, synced 2026-09-08 09:16
PASS
Fetched via CF proxy: https://www.lcsd.gov.hk/file_upload_clpss/leisure_facilities/lsb/jogging/1060_202609.xlsx
sport_ground_status.json: partial, 32 main slots, 32 sec slots, 19 notices, synced 2026-09-08 12:16
PASS
Fetched via CF proxy: https://www.lcsd.gov.hk/file_upload_clpss/leisure_facilities/lsb/jogging/1060_202609.xlsx
sport_ground_status.json: partial, 32 main slots, 32 sec slots, 19 notices, synced 2026-09-08 12:46
PASS
Fetched via CF proxy: https://www.lcsd.gov.hk/file_upload_clpss/leisure_facilities/lsb/jogging/1060_202609.xlsx
sport_ground_status.json: partial, 32 main slots, 32 sec slots, 19 notices, synced 2026-09-08 15:16
PASS
Fetched via CF proxy: https://www.lcsd.gov.hk/file_upload_clpss/leisure_facilities/lsb/jogging/1060_202609.xlsx
sport_ground_status.json: partial, 32 main slots, 32 sec slots, 19 notices, synced 2026-09-08 18:16
PASS
Fetched via CF proxy: https://www.lcsd.gov.hk/file_upload_clpss/leisure_facilities/lsb/jogging/1060_202609.xlsx
sport_ground_status.json: partial, 32 main slots, 32 sec slots, 19 notices, synced 2026-09-08 19:16
PASS
Fetched via CF proxy: https://www.lcsd.gov.hk/file_upload_clpss/leisure_facilities/lsb/jogging/1060_202609.xlsx
sport_ground_status.json: partial, 32 main slots, 32 sec slots, 19 notices, synced 2026-09-08 21:16
PASS
Fetched via CF proxy: https://www.lcsd.gov.hk/file_upload_clpss/leisure_facilities/lsb/jogging/1060_202609.xlsx
sport_ground_status.json: partial, 32 main slots, 32 sec slots, 19 notices, synced 2026-09-09 06:16
PASS
Fetched via CF proxy: https://www.lcsd.gov.hk/file_upload_clpss/leisure_facilities/lsb/jogging/1060_202609.xlsx
sport_ground_status.json: partial, 32 main slots, 32 sec slots, 19 notices, synced 2026-09-09 09:16
PASS
Fetched via CF proxy: https://www.lcsd.gov.hk/file_upload_clpss/leisure_facilities/lsb/jogging/1060_202609.xlsx
sport_ground_status.json: partial, 32 main slots, 32 sec slots, 19 notices, synced 2026-09-09 12:16
PASS
Fetched via CF proxy: https://www.lcsd.gov.hk/file_upload_clpss/leisure_facilities/lsb/jogging/1060_202609.xlsx
sport_ground_status.json: partial, 32 main slots, 32 sec slots, 19 notices, synced 2026-09-09 12:46
PASS
Fetched via CF proxy: https://www.lcsd.gov.hk/file_upload_clpss/leisure_facilities/lsb/jogging/1060_202609.xlsx
sport_ground_status.json: partial, 32 main slots, 32 sec slots, 19 notices, synced 2026-09-09 15:16
PASS
Fetched via CF proxy: https://www.lcsd.gov.hk/file_upload_clpss/leisure_facilities/lsb/jogging/1060_202609.xlsx
sport_ground_status.json: partial, 32 main slots, 32 sec slots, 19 notices, synced 2026-09-09 18:16
PASS
Fetched via CF proxy: https://www.lcsd.gov.hk/file_upload_clpss/leisure_facilities/lsb/jogging/1060_202609.xlsx
sport_ground_status.json: partial, 32 main slots, 32 sec slots, 19 notices, synced 2026-09-09 19:16
PASS
Fetched via CF proxy: https://www.lcsd.gov.hk/file_upload_clpss/leisure_facilities/lsb/jogging/1060_202609.xlsx
sport_ground_status.json: partial, 32 main slots, 32 sec slots, 19 notices, synced 2026-09-09 21:16
PASS
Fetched via CF proxy: https://www.lcsd.gov.hk/file_upload_clpss/leisure_facilities/lsb/jogging/1060_202609.xlsx
sport_ground_status.json: partial, 32 main slots, 32 sec slots, 19 notices, synced 2026-09-10 06:16
PASS
Fetched via CF proxy: https://www.lcsd.gov.hk/file_upload_clpss/leisure_facilities/lsb/jogging/1060_202609.xlsx
sport_ground_status.json: partial, 32 main slots, 32 sec slots, 19 notices, synced 2026-09-10 09:16
PASS
Fetched via CF proxy: https://www.lcsd.gov.hk/file_upload_clpss/leisure_facilities/lsb/jogging/1060_202609.xlsx
sport_ground_status.json: partial, 32 main slots, 32 sec slots, 19 notices, synced 2026-09-10 12:16
PASS
Fetched via CF proxy: https://www.lcsd.gov.hk/file_upload_clpss/leisure_facilities/lsb/jogging/1060_202609.xlsx
sport_ground_status.json: partial, 32 main slots, 32 sec slots, 19 notices, synced 2026-09-10 12:46
PASS
Fetched via CF proxy: https://www.lcsd.gov.hk/file_upload_clpss/leisure_facilities/lsb/jogging/1060_202609.xlsx
sport_ground_status.json: partial, 32 main slots, 32 sec slots, 19 notices, synced 2026-09-10 15:16
PASS
Fetched via CF proxy: https://www.lcsd.gov.hk/file_upload_clpss/leisure_facilities/lsb/jogging/1060_202609.xlsx
sport_ground_status.json: partial, 32 main slots, 32 sec slots, 19 notices, synced 2026-09-10 18:16
PASS
Fetched via CF proxy: https://www.lcsd.gov.hk/file_upload_clpss/leisure_facilities/lsb/jogging/1060_202609.xlsx
sport_ground_status.json: partial, 32 main slots, 32 sec slots, 19 notices, synced 2026-09-10 19:16
PASS
Fetched via CF proxy: https://www.lcsd.gov.hk/file_upload_clpss/leisure_facilities/lsb/jogging/1060_202609.xlsx
sport_ground_status.json: partial, 32 main slots, 32 sec slots, 19 notices, synced 2026-09-10 21:16
PASS
Fetched via CF proxy: https://www.lcsd.gov.hk/file_upload_clpss/leisure_facilities/lsb/jogging/1060_202609.xlsx
sport_ground_status.json: partial, 32 main slots, 32 sec slots, 19 notices, synced 2026-09-11 06:16
PASS
Fetched via CF proxy: https://www.lcsd.gov.hk/file_upload_clpss/leisure_facilities/lsb/jogging/1060_202609.xlsx
sport_ground_status.json: partial, 32 main slots, 32 sec slots, 19 notices, synced 2026-09-11 09:16
PASS
Fetched via CF proxy: https://www.lcsd.gov.hk/file_upload_clpss/leisure_facilities/lsb/jogging/1060_202609.xlsx
sport_ground_status.json: partial, 32 main slots, 32 sec slots, 19 notices, synced 2026-09-11 12:16
PASS
Fetched via CF proxy: https://www.lcsd.gov.hk/file_upload_clpss/leisure_facilities/lsb/jogging/1060_202609.xlsx
sport_ground_status.json: partial, 32 main slots, 32 sec slots, 19 notices, synced 2026-09-11 12:46
PASS
Fetched via CF proxy: https://www.lcsd.gov.hk/file_upload_clpss/leisure_facilities/lsb/jogging/1060_202609.xlsx
sport_ground_status.json: partial, 32 main slots, 32 sec slots, 19 notices, synced 2026-09-11 15:16
PASS
Fetched via CF proxy: https://www.lcsd.gov.hk/file_upload_clpss/leisure_facilities/lsb/jogging/1060_202609.xlsx
sport_ground_status.json: partial, 32 main slots, 32 sec slots, 19 notices, synced 2026-09-11 18:16
PASS
Fetched via CF proxy: https://www.lcsd.gov.hk/file_upload_clpss/leisure_facilities/lsb/jogging/1060_202609.xlsx
sport_ground_status.json: partial, 32 main slots, 32 sec slots, 19 notices, synced 2026-09-11 19:16
PASS
Fetched via CF proxy: https://www.lcsd.gov.hk/file_upload_clpss/leisure_facilities/lsb/jogging/1060_202609.xlsx
sport_ground_status.json: partial, 32 main slots, 32 sec slots, 19 notices, synced 2026-09-11 21:16
PASS
Fetched via CF proxy: https://www.lcsd.gov.hk/file_upload_clpss/leisure_facilities/lsb/jogging/1060_202609.xlsx
sport_ground_status.json: closed, 32 main slots, 32 sec slots, 19 notices, synced 2026-09-12 06:16
PASS
Fetched via CF proxy: https://www.lcsd.gov.hk/file_upload_clpss/leisure_facilities/lsb/jogging/1060_202609.xlsx
sport_ground_status.json: closed, 32 main slots, 32 sec slots, 19 notices, synced 2026-09-12 09:16
PASS
Fetched via CF proxy: https://www.lcsd.gov.hk/file_upload_clpss/leisure_facilities/lsb/jogging/1060_202609.xlsx
sport_ground_status.json: closed, 32 main slots, 32 sec slots, 19 notices, synced 2026-09-12 12:16
PASS
Fetched via CF proxy: https://www.lcsd.gov.hk/file_upload_clpss/leisure_facilities/lsb/jogging/1060_202609.xlsx
sport_ground_status.json: closed, 32 main slots, 32 sec slots, 19 notices, synced 2026-09-12 12:46
PASS
Fetched via CF proxy: https://www.lcsd.gov.hk/file_upload_clpss/leisure_facilities/lsb/jogging/1060_202609.xlsx
sport_ground_status.json: closed, 32 main slots, 32 sec slots, 19 notices, synced 2026-09-12 15:16
PASS
